#-----------------------------------------------------------
# Webtalk v2020.1 (64-bit)
# SW Build 2902540 on Wed May 27 19:54:49 MDT 2020
# IP Build 2902112 on Wed May 27 22:43:36 MDT 2020
# Start of session at: Wed Apr 21 13:06:39 2021
# Process ID: 14028
# Current directory: C:/Users/Carranza/Documents/Verilog_Projects/COMPE470L_SimonSays_April/COMPE470L_SimonSays_April.sim/sim_1/impl/func/xsim
# Command line: wbtcv.exe -mode batch -source C:/Users/Carranza/Documents/Verilog_Projects/COMPE470L_SimonSays_April/COMPE470L_SimonSays_April.sim/sim_1/impl/func/xsim/xsim.dir/tb_top_func_impl/webtalk/xsim_webtalk.tcl -notrace
# Log file: C:/Users/Carranza/Documents/Verilog_Projects/COMPE470L_SimonSays_April/COMPE470L_SimonSays_April.sim/sim_1/impl/func/xsim/webtalk.log
# Journal file: C:/Users/Carranza/Documents/Verilog_Projects/COMPE470L_SimonSays_April/COMPE470L_SimonSays_April.sim/sim_1/impl/func/xsim\webtalk.jou
#-----------------------------------------------------------
source C:/Users/Carranza/Documents/Verilog_Projects/COMPE470L_SimonSays_April/COMPE470L_SimonSays_April.sim/sim_1/impl/func/xsim/xsim.dir/tb_top_func_impl/webtalk/xsim_webtalk.tcl -notrace
